Program
  List
    FuncDecl
      IdDecl ID="a"
      List
      Block
        List
